[pagead2.googlesyndication.com/pagead/js/f.txt]
[backblue.gif]
[fade.gif]
[index.html]
[skribbl.io/favicon.png]
[skribbl.io/img/logo.gif]
[skribbl.io/img/about.gif]
[api.adinplay.com/libs/aiptag/pub/SKR/skribbl.io/tag.min.js]
[skribbl.io/img/news.gif]
[skribbl.io/img/how.gif]
[skribbl.io/img/tutorial/step1.gif]
[skribbl.io/img/tutorial/step2.gif]
[skribbl.io/img/tutorial/step3.gif]
[skribbl.io/img/tutorial/step4.gif]
[skribbl.io/img/tutorial/step5.gif]
[skribbl.io/img/setting_2.gif]
[skribbl.io/img/setting_3.gif]
[skribbl.io/img/setting_1.gif]
[skribbl.io/img/setting_0.gif]
[skribbl.io/img/setting_6.gif]
[skribbl.io/img/setting_4.gif]
[skribbl.io/img/setting_5.gif]
[skribbl.io/js/socket.io.js]
[skribbl.io/js/game.js]
[skribbl.io/index.html]
[skribbl.io/img/avatar/color_atlas.gif]
[skribbl.io/img/avatar/eyes_atlas.gif]
[skribbl.io/img/avatar/mouth_atlas.gif]
[skribbl.io/img/avatar/special_atlas.gif]
[skribbl.io/img/crown.gif]
[skribbl.io/img/background.png]
[skribbl.io/img/settings.gif]
[skribbl.io/img/audio.gif]
[skribbl.io/img/audio_off.gif]
[skribbl.io/img/bulb.gif]
[skribbl.io/img/bulb_off.gif]
[skribbl.io/img/key.gif]
[skribbl.io/img/load.gif]
[skribbl.io/img/background_dark.png]
[skribbl.io/img/info.gif]
[skribbl.io/img/owner.gif]
[skribbl.io/img/mute.gif]
[skribbl.io/img/pen.gif]
[skribbl.io/img/thumbsup.gif]
[skribbl.io/img/thumbsdown.gif]
[skribbl.io/img/trophy.gif]
[skribbl.io/img/clock.gif]
[skribbl.io/img/size.gif]
[skribbl.io/img/randomize.gif]
[skribbl.io/img/arrow.gif]
[skribbl.io/img/questionmark.gif]
[skribbl.io/css/style.css]
[skribbl.io/terms.html]
[skribbl.io/credits.html]
[skribbl.io/img/snow.html]
[pbt.skribbl.io/img/thumbnail.png]
